+ git_commit: e84e4a4
+ batch_size: 8
+ seed: 1772550647
+ system:
+   flux: 3
+   radius: null
+   d: 0.1
+   nspins:
+   - 1
+   - 0
+   interaction_strength: 1.0
+   lz_center: 0.0
+   lz_penalty: 0.0
+   l2_penalty: 0.0
+   interaction_type: coulomb
+ network:
+   type: psiformer
+   orbital: full
+   psiformer:
+     num_heads: 4
+     heads_dim: 64
+     num_layers: 2
+     determinants: 1
+ mcmc:
+   steps: 10
+   width: 0.1
+   burn_in: 200
+   adapt_frequency: 100
+ optim:
+   iterations: 25
+   optimizer: adam
+   adam:
+     lr:
+       rate: 0.005
+       decay: 1.0
+       delay: 2000.0
+   kfac:
+     lr:
+       rate: 0.05
+       decay: 1.0
+       delay: 2000.0
+ log:
+   save_path: null
+   restore_path: null
+   save_time_interval: 600
+   save_step_interval: 1000
+   initial_energy: true
Start VMC with 1 JAX devices
Burn in MCMC complete
Initial energy: 2.3937712
step=0, pmove=0.95, energy=2.4634, energy_imag=+0.1708, variance=0.7705, Lz=-1.5485, L_square=5.5452
Traceback (most recent call last):
  File "/data/home/zyh/miniconda3/envs/deephall/bin/deephall", line 7, in <module>
    sys.exit(cli())
             ^^^^^
  File "/data/home/zyh/DeepHall/deephall/train.py", line 233, in cli
    train(Config.from_dict(config))
  File "/data/home/zyh/DeepHall/deephall/train.py", line 154, in train
    for step, state, stats, pmove in train_loop(cfg, log_manager):
                                     ^^^^^^^^^^^^^^^^^^^^^^^^^^^^
  File "/data/home/zyh/DeepHall/deephall/train.py", line 129, in train_loop
    new_data, pmove = pmap_mcmc_step(
                      ^^^^^^^^^^^^^^^
  File "/data/home/zyh/DeepHall/deephall/mcmc.py", line 199, in mcmc_step
    logprob = 2.0 * batch_network(params, data).real
                    ^^^^^^^^^^^^^^^^^^^^^^^^^^^
  File "/data/home/zyh/DeepHall/deephall/networks/psiformer.py", line 82, in __call__
    orbitals = self.orbitals(electrons)
               ^^^^^^^^^^^^^^^^^^^^^^^^
  File "/data/home/zyh/DeepHall/deephall/networks/psiformer.py", line 111, in orbitals
    h_one = PsiformerLayers(
            ^^^^^^^^^^^^^^^^
  File "/data/home/zyh/DeepHall/deephall/networks/psiformer.py", line 50, in __call__
    attn_out = nn.MultiHeadAttention(num_heads=self.num_heads,
               ^^^^^^^^^^^^^^^^^^^^^^^^^^^^^^^^^^^^^^^^^^^^^^^
  File "/data/home/zyh/miniconda3/envs/deephall/lib/python3.12/site-packages/flax/linen/attention.py", line 676, in __call__
    out = DenseGeneral(
          ^^^^^^^^^^^^^
  File "/data/home/zyh/miniconda3/envs/deephall/lib/python3.12/site-packages/flax/linen/linear.py", line 178, in __call__
    bias = self.param(
           ^^^^^^^^^^^
flax.errors.ScopeParamShapeError: Initializer expected to generate shape (8, 256) but got shape (256,) instead for parameter "bias" in "/PsiformerLayers_0/MultiHeadAttention_0/out". (https://flax.readthedocs.io/en/latest/api_reference/flax.errors.html#flax.errors.ScopeParamShapeError)
--------------------
For simplicity, JAX has removed its internal frames from the traceback of the following exception. Set JAX_TRACEBACK_FILTERING=off to include these.
